<?xml version="1.0" encoding="UTF-8" ?>
<testsuites name="vitest tests" tests="2" failures="0" errors="0" time="0.2207129">
    <testsuite name="src/App.test.tsx" timestamp="2026-10-06T23:14:42.989Z" hostname="GWTC51427" tests="2" failures="0" errors="0" skipped="0" time="0.2207129">
        <testcase classname="src/App.test.tsx" name="App component &gt; renders correctly with heading and counter button" time="0.191165">
        </testcase>
        <testcase classname="src/App.test.tsx" name="App component &gt; increments counter on click" time="0.0262754">
        </testcase>
    </testsuite>
</testsuites>
